src/app/entry.tsx(13,43): error TS2554: Expected 0 arguments, but got 1.
src/firebase/index.ts(33,1): error TS2308: Module './provider' has already exported a member named 'useUser'. Consider explicitly re-exporting to resolve the ambiguity.
